// Jest Snapshot v1, https://goo.gl/fbAQLP

exports[`matches snapshot 1`] = `
<DocumentFragment>
  <div>
    <button>
      x
    </button>
    <div
      class="todo"
    >
      Â  shopping
    </div>
  </div>
</DocumentFragment>
`;
