// Jest Snapshot v1, https://goo.gl/fbAQLP

exports[`matches snapshot 1`] = `
<DocumentFragment>
  <div>
    <div
      class="box"
      style="background-color: blue; width: 20px; height: 20px;"
    />
    <button>
      X
    </button>
  </div>
</DocumentFragment>
`;
